[The GENIE spy reports]

$GENIE                       -> /home/ilayws/Ilay-Generators/src/programs/genQE_FSI/Generator-R-3_06_02
$SRT_ENV_SET                 -> **undefined**
$LD_LIBRARY_PATH             -> /home/ilayws/local/lib:/home/ilayws/Ilay-Generators/src/programs/genQE_FSI/Generator-R-3_06_02/lib:/opt/root-install/lib/root
$DYLD_LIBRARY_PATH           -> /opt/root-install/lib/root
$PATH                        -> /home/ilayws/Ilay-Generators/src/programs/genQE_FSI/Generator-R-3_06_02/bin:/opt/root-install/bin:/home/ilayws/.local/bin:/home/ilayws/.local/bin:/usr/local/sbin:/usr/local/bin:/usr/sbin:/usr/bin:/sbin:/bin:/usr/games:/usr/local/games:/snap/bin

Saving the configuration of your GENIE installation: 

# 
 # Make.config 
 # This file was automatically generated by the 'configure' script  
 # and is included into the project Makefiles  
 # 
 GENIE_INSTALLATION_PATH=/usr/local/
 GOPT_ENABLE_PYTHIA6=NO
 GOPT_ENABLE_PYTHIA8=NO
 GOPT_ENABLE_INCL=NO
 GOPT_ENABLE_GEANT4_INTERFACE=NO
 GOPT_ENABLE_LHAPDF5=NO
 GOPT_ENABLE_LHAPDF6=NO
 GOPT_ENABLE_APFEL=NO
 GOPT_ENABLE_FLUX_DRIVERS=NO
 GOPT_ENABLE_GEOM_DRIVERS=NO
 GOPT_ENABLE_T2K=NO
 GOPT_ENABLE_FNAL=NO
 GOPT_ENABLE_ATMO=NO
 GOPT_ENABLE_NUCLEON_DECAY=NO
 GOPT_ENABLE_NNBAR_OSCILLATION=NO
 GOPT_ENABLE_BOOSTED_DARK_MATTER=NO
 GOPT_ENABLE_HEAVY_NEUTRAL_LEPTON=NO
 GOPT_ENABLE_HNL_VALIDATION=NO
 GOPT_ENABLE_DARK_NEUTRINO=NO
 GOPT_ENABLE_EVTLIB=NO
 GOPT_ENABLE_INCL=NO
 GOPT_ENABLE_GEANT4_INTERFACE=NO
 GOPT_ENABLE_MASTERCLASS=NO
 GOPT_ENABLE_TEST=NO
 GOPT_ENABLE_DYLIBVERSION=YES
 GOPT_ENABLE_LOW_LEVEL_MESG=NO
 GOPT_ENABLE_PROFILER=NO
 GOPT_ENABLE_DOXYGEN_DOC=NO
 GOPT_ENABLE_GFORTRAN=NO
 GOPT_ENABLE_G2C=NO
 GOPT_ENABLE_PROFESSOR2=NO
 GOPT_WITH_COMPILER=gcc
 GOPT_WITH_CXX_DEBUG_FLAG=
 GOPT_WITH_CXX_OPTIMIZ_FLAG=-O2
 GOPT_WITH_PROFILER_LIB=
 GOPT_WITH_DOXYGEN_PATH=
 GOPT_WITH_PYTHIA6_LIB=
 GOPT_WITH_PYTHIA8_LIB=
 GOPT_WITH_PYTHIA8_INC=
 GOPT_WITH_LHAPDF5_LIB=
 GOPT_WITH_LHAPDF5_INC=
 GOPT_WITH_LHAPDF6_LIB=
 GOPT_WITH_LHAPDF6_INC=
 GOPT_WITH_APFEL_LIB=
 GOPT_WITH_APFEL_INC=
 GOPT_WITH_LIBXML2_INC=/usr/include/libxml2
 GOPT_WITH_LIBXML2_LIB=/usr/lib/x86_64-linux-gnu
 GOPT_WITH_LOG4CPP_INC=/home/ilayws/local/include
 GOPT_WITH_LOG4CPP_LIB=/home/ilayws/local/lib
 GOPT_WITH_INCL_INC=
 GOPT_WITH_INCL_LIB=
 GOPT_WITH_BOOST_INC=
 GOPT_WITH_BOOST_LIB=
 GOPT_WITH_GEANT4_INC=
 GOPT_WITH_GEANT4_LIB=
 GOPT_WITH_GFORTRAN_LIB=
 GOPT_WITH_G2C_LIB=
 

Saving the configuration of your ROOT installation: 

 

Saving info on your OS, activity, disk usage & quota limit: 

Linux gluon 6.8.0-107-generic #107-Ubuntu SMP PREEMPT_DYNAMIC Fri Mar 13 19:51:50 UTC 2026 x86_64 x86_64 x86_64 GNU/Linux

Filesystem                   1K-blocks        Used  Available Use% Mounted on
tmpfs                         26331692        3296   26328396   1% /run
efivarfs                           256         116        136  46% /sys/firmware/efi/efivars
/dev/nvme0n1p2               753495816    72654348  642492464  11% /
tmpfs                        131658452           0  131658452   0% /dev/shm
tmpfs                             5120           0       5120   0% /run/lock
/dev/nvme0n1p4              1056079184   577777560  424582024  58% /home
/dev/nvme0n1p1                 1098632        6288    1092344   1% /boot/efi
NASNPD.local:/volume1/nas1 14989771520 12753842176 2235929344  86% /nas/nas1
tmpfs                         26331688          32   26331656   1% /run/user/1026
tmpfs                        131658452           0  131658452   0% /run/qemu
/dev/nvme1n1p1              1844812308   833748168  917279104  48% /home1
tmpfs                         26331688          16   26331672   1% /run/user/1002
tmpfs                         26331688          16   26331672   1% /run/user/1000
tmpfs                         26331688          16   26331672   1% /run/user/1029

